// Jest Snapshot v1, https://goo.gl/fbAQLP

exports[`Should render GetInTouch component without errors Should render component without errors 1`] = `
<section
  className="default-section getInTouch"
  data-test="getInTouch"
>
  <h2
    className="getInTouch__title section-title"
  >
    Get in touch
  </h2>
  <div
    className="container"
  >
    <div
      className="row align-items-center justify-content-center"
    >
      <div
        className="col col-4 col-md-12"
      >
        <div
          className="getInTouch__contactItem"
        >
          <svg
            height="40"
            width="40"
          >
            <use
              xlinkHref="#contact-email"
            />
          </svg>
          <div
            className="contact"
          >
            <span>
              Email: 
            </span>
            pubOnHub@gmail.com
          </div>
        </div>
      </div>
      <div
        className="col col-4 col-md-6 col-sm-12"
      >
        <div
          className="getInTouch__contactItem"
        >
          <svg
            height="40"
            width="40"
          >
            <use
              xlinkHref="#contact-phone"
            />
          </svg>
          <div
            className="contact"
          >
            <span>
              Phone: 
            </span>
            +1 245 123 222
          </div>
        </div>
      </div>
      <div
        className="col col-4 col-md-6 col-sm-12"
      >
        <div
          className="getInTouch__contactItem"
        >
          <svg
            height="40"
            width="40"
          >
            <use
              xlinkHref="#contact-map"
            />
          </svg>
          <div
            className="contact"
          >
            <span>
              Address: 
            </span>
            New York, 345 Park AveNY 10154, USA
          </div>
        </div>
      </div>
    </div>
  </div>
</section>
`;
