// Jest Snapshot v1, https://goo.gl/fbAQLP

exports[`Should render PubsPhotoGallery component without errors Should render component without errors 1`] = `
<div
  className="default-section pubGallery"
  data-test="pubGallery"
>
  <div
    className="container"
  >
    <h2
      className="section-title"
    >
      Pubs photo gallery
    </h2>
    <p
      className="default-text"
    >
      Lorem ipsum dolor sit amet, consectetur adipisicing elit. A animi, aut distinctio dolore fugiat itaque nulla, obcaecati omnis perspiciatis placeat quas quasi, quia quos sint voluptatem! Aperiam, debitis minima. Accusamus
    </p>
  </div>
  <div
    className="row"
  >
    <div
      className="col col-6 col-md-12"
    >
      <div
        className="row"
      >
        <FieldSkeleton
          key="10"
          styles={
            Object {
              "border": "1px solid #fff",
              "borderRadius": 0,
              "borderStyle": "inset",
              "height": "300px",
              "width": "50%",
            }
          }
        />
        <FieldSkeleton
          key="11"
          styles={
            Object {
              "border": "1px solid #fff",
              "borderRadius": 0,
              "borderStyle": "inset",
              "height": "300px",
              "width": "50%",
            }
          }
        />
        <FieldSkeleton
          key="12"
          styles={
            Object {
              "border": "1px solid #fff",
              "borderRadius": 0,
              "borderStyle": "inset",
              "height": "300px",
              "width": "50%",
            }
          }
        />
        <FieldSkeleton
          key="13"
          styles={
            Object {
              "border": "1px solid #fff",
              "borderRadius": 0,
              "borderStyle": "inset",
              "height": "300px",
              "width": "50%",
            }
          }
        />
      </div>
    </div>
    <div
      className="col col-6 col-md-12"
    >
      <FieldSkeleton
        styles={
          Object {
            "borderRadius": 0,
            "height": "600px",
          }
        }
      />
    </div>
  </div>
  <Connect(Component) />
</div>
`;
