// Jest Snapshot v1, https://goo.gl/fbAQLP

exports[`Should render AboutUs component without errors Should render component without errors 1`] = `
<div
  className="default-section about"
  data-test="about"
>
  <div
    className="container"
  >
    <h2
      className="section-title"
    >
      The best of history
    </h2>
    <div
      className="about__history"
    >
      <p
        className="default-text"
      >
        Lorem ipsum dolor sit amet, consectetur adipisicing elit. A beatae dolorum eos illo quia quibusdam reprehenderit similique voluptate! Atque aut modi odio omnis? Animi assumenda doloremque obcaecat sapiente totam, ut. Lorem ipsum dolor sit amet, consectetur adipisicing elit. Animi aspernatur, commodi consectetur cupiditate error esse eum incidunt inventore labore necessitatibus officia pariatur praesentium quaerat rerum sint, tempora unde ut veritatis? Lorem ipsum dolor sit amet, consectetur adipisicing elit. Adipisci alias autem blanditiis cupiditate, eius ex fugiat impedit iure iusto molestias placeat provident repudiandae rerum sapiente sit tempore tenetur unde vel.
      </p>
      <img
        alt="new bottle"
        className="preview-img"
        src="new-bottle.jpg"
      />
      <p
        className="default-text"
      >
        Lorem ipsum dolor sit amet, consectetur adipisicing elit. Ab aspernatur assumenda at cumque est illo laborum, molestias neque quae quaerat qui quidem ullam voluptate? Aliquid animi eligendi nemo numquam veniam? Lorem ipsum dolor sit amet, consectetur adipisicing elit. Atque autem doloremque eligendi ipsum iste laudantium magni maiores perspiciatis placeat sint.
      </p>
      <Link
        className="default-button"
        to="/cocktails/"
      >
        Our menu
      </Link>
    </div>
  </div>
</div>
`;
