// Jest Snapshot v1, https://goo.gl/fbAQLP

exports[`OurStory component should render OurStory component 1`] = `
<div
  className="default-section ourStory"
>
  <div
    className="container"
  >
    <div
      className="row space-between align-items-center"
    >
      <div
        className="col col-5 col-sm-12"
      >
        <div
          className="section-title"
        >
          Our Story
        </div>
        <h2
          className="section-sub-title"
        >
          Lorem ipsum dolor sit amet, consectetur adipisicing elit.
        </h2>
        <p
          className="default-text"
        >
          Lorem ipsum dolor sit amet, consectetur adipisicing elit. A beatae dolorum eos illo quia quibusdam reprehenderit similique voluptate! Atque aut modi odio omnis? Animi assumenda doloremque obcaecati sapiente totam, ut. Lorem ipsum dolor sit amet, consectetur adipisicing elit. Adipisci consectetur doloremque ea eligendi eveniet molestias mollitia reprehenderit! Accusamus atque, esse hic laborum maxime nulla odio possimus quas repudiandae voluptas voluptate.
        </p>
        <Link
          className="default-button"
          to="/about"
        >
          Read more
        </Link>
      </div>
      <div
        className="col col-5"
      >
        <img
          alt="Our story img"
          src="our-story.png"
        />
      </div>
    </div>
  </div>
</div>
`;
